  50000: system.cpu: T0 : 0x80000000 @_start    : addi t0, zero, 8           : IntAlu :  D=0x0000000000000008
  50000: system.cpu: T0 : 0x80000004 @_start+4    : vmv_v_i v8, v8, 3         
  50000: system.cpu: T0 : 0x80000004 @_start+4. 0 : vnop                       : No_OpClass : 
  50000: system.cpu: T0 : 0x80000008 @_start+8    : vmv_v_i v9, v9, 5         
  50000: system.cpu: T0 : 0x80000008 @_start+8. 0 : vnop                       : No_OpClass : 
  51000: system.cpu: T0 : 0x8000000c @.Lpcrel_hi0    : auipc a0, 1                : IntAlu :  D=0x000000008000100c
  52000: system.cpu: T0 : 0x80000010 @.Lpcrel_hi0+4    : addi a0, a0, 180           : IntAlu :  D=0x00000000800010c0
  53000: system.cpu: T0 : 0x80000014 @.Lpcrel_hi0+8    : addi t1, zero, 6           : IntAlu :  D=0x0000000000000006
  54000: system.cpu: T0 : 0x80000018 @.Lpcrel_hi0+12    : addi t2, zero, 7           : IntAlu :  D=0x0000000000000007
  55000: system.cpu: T0 : 0x8000001c @.Lpcrel_hi0+16    : addi s0, zero, 8           : IntAlu :  D=0x0000000000000008
  56000: system.cpu: T0 : 0x80000020 @.Lpcrel_hi0+20    : addi s1, zero, 9           : IntAlu :  D=0x0000000000000009
  57000: system.cpu: T0 : 0x80000024 @.Lpcrel_hi0+24    : addi zero, zero, 0         : IntAlu :  D=0x0000000000000000
  58000: system.cpu: T0 : 0x80000028 @.Lpcrel_hi0+28    : addi zero, zero, 0         : IntAlu :  D=0x0000000000000000
  59000: system.cpu: T0 : 0x8000002c @.Lpcrel_hi0+32    : addi zero, zero, 0         : IntAlu :  D=0x0000000000000000
  60000: system.cpu: T0 : 0x80000030 @.Lpcrel_hi0+36    : addi zero, zero, 0         : IntAlu :  D=0x0000000000000000
  61000: system.cpu: T0 : 0x80000034 @.Lpcrel_hi0+40    : addi zero, zero, 0         : IntAlu :  D=0x0000000000000000
  62000: system.cpu: T0 : 0x80000038 @.Lpcrel_hi0+44    : addi zero, zero, 0         : IntAlu :  D=0x0000000000000000
  63000: system.cpu: T0 : 0x8000003c @.Lpcrel_hi0+48    : addi zero, zero, 0         : IntAlu :  D=0x0000000000000000
  94000: system.cpu: T0 : 0x80000040 @.Lpcrel_hi0+52    : jal zero, 16               : IntAlu :  D=0x0000000080000044
 140000: system.cpu: T0 : 0x80000050 @__yx_marker_ab_region_start    : vsetivli zero, 8, e32, mf2, ta, ma : SimdConfig :  D=0x0000000000000004
 200000: system.cpu: T0 : 0x80000054 @__yx_marker_ab_region_start+4    : vdivu_vv v10, v9, v8      
 200000: system.cpu: T0 : 0x80000054 @__yx_marker_ab_region_start+4. 0 : vdivu_vv_micro v10, v9, v8 : SimdDiv :  D=[ffffffff_ffffffff_ffffffff_ffffffff_ffffffff_ffffffff_ffffffff_ffffffff]
 212000: system.cpu: T0 : 0x80000058 @__yx_marker_ab_region_start+8    : vdivu_vv v10, v10, v9     
 212000: system.cpu: T0 : 0x80000058 @__yx_marker_ab_region_start+8. 0 : vdivu_vv_micro v10, v10, v9 : SimdDiv :  D=[ffffffff_ffffffff_ffffffff_ffffffff_ffffffff_ffffffff_ffffffff_ffffffff]
 224000: system.cpu: T0 : 0x8000005c @__yx_marker_ab_region_start+12    : vdivu_vv v10, v10, v9     
 224000: system.cpu: T0 : 0x8000005c @__yx_marker_ab_region_start+12. 0 : vdivu_vv_micro v10, v10, v9 : SimdDiv :  D=[ffffffff_ffffffff_ffffffff_ffffffff_ffffffff_ffffffff_ffffffff_ffffffff]
 236000: system.cpu: T0 : 0x80000060 @__yx_marker_ab_region_start+16    : vdivu_vv v10, v10, v9     
 236000: system.cpu: T0 : 0x80000060 @__yx_marker_ab_region_start+16. 0 : vdivu_vv_micro v10, v10, v9 : SimdDiv :  D=[ffffffff_ffffffff_ffffffff_ffffffff_ffffffff_ffffffff_ffffffff_ffffffff]
 236000: system.cpu: T0 : 0x80000064 @__yx_marker_ab_region_start+20    : vmul_vv v8, v8, v9        
 236000: system.cpu: T0 : 0x80000064 @__yx_marker_ab_region_start+20. 0 : vmul_vv_micro v8, v8, v9   : SimdMult :  D=[00000000_00000000_00000000_00000000_ffffffff_ffffffff_ffffffff_ffffffff]
 240000: system.cpu: T0 : 0x80000068 @__yx_marker_ab_region_start+24    : vmul_vv v11, v8, v9       
 240000: system.cpu: T0 : 0x80000068 @__yx_marker_ab_region_start+24. 0 : vmul_vv_micro v11, v8, v9  : SimdMult :  D=[00000000_00000000_00000000_00000000_ffffffff_ffffffff_ffffffff_ffffffff]
 240000: system.cpu: T0 : 0x8000006c @__yx_marker_ab_region_start+28    : vmul_vv v9, v11, v9       
 240000: system.cpu: T0 : 0x8000006c @__yx_marker_ab_region_start+28. 0 : vmul_vv_micro v9, v11, v9  : SimdMult :  D=[00000000_00000000_00000000_00000000_ffffffff_ffffffff_ffffffff_ffffffff]
 242000: system.cpu: T0 : 0x80000070 @__yx_marker_ab_region_start+32    : vadd_vv v8, v8, v11       
 242000: system.cpu: T0 : 0x80000070 @__yx_marker_ab_region_start+32. 0 : vadd_vv_micro v8, v8, v11  : SimdAdd :  D=[00000000_00000000_00000000_00000000_ffffffff_ffffffff_ffffffff_ffffffff]
 246000: system.cpu: T0 : 0x80000074 @__yx_marker_ab_region_start+36    : vadd_vv v8, v8, v9        
 246000: system.cpu: T0 : 0x80000074 @__yx_marker_ab_region_start+36. 0 : vadd_vv_micro v8, v8, v9   : SimdAdd :  D=[00000000_00000000_00000000_00000000_ffffffff_ffffffff_ffffffff_ffffffff]
 249000: system.cpu: T0 : 0x80000078 @__yx_marker_ab_region_start+40    : vadd_vv v11, v8, v9       
 249000: system.cpu: T0 : 0x80000078 @__yx_marker_ab_region_start+40. 0 : vadd_vv_micro v11, v8, v9  : SimdAdd :  D=[00000000_00000000_00000000_00000000_ffffffff_ffffffff_ffffffff_ffffffff]
 249000: system.cpu: T0 : 0x8000007c @__yx_marker_ab_region_start+44    : vsetvli a2, zero, e32, mf2, ta, ma : SimdConfig :  D=0x0000000000000004
 250000: system.cpu: T0 : 0x80000080 @__yx_marker_ab_region_start+48    : vsetivli zero, 8, e32, mf2, tu, ma : SimdConfig :  D=0x0000000000000004
 261000: system.cpu: T0 : 0x80000084 @__yx_marker_ab_region_start+52    : vslideup_vi v11, v8, 1    
 261000: system.cpu: T0 : 0x80000084 @__yx_marker_ab_region_start+52. 0 : vcpyvs_v_micro vtmp0, v8   : SimdMisc :  D=[00000000_00000000_00000000_00000000_ffffffff_ffffffff_ffffffff_ffffffff]
 262000: system.cpu: T0 : 0x80000084 @__yx_marker_ab_region_start+52. 1 : vpinvd_v_micro v11, v11    : SimdMisc :  D=[00000000_00000000_00000000_00000000_ffffffff_ffffffff_ffffffff_ffffffff]
 264000: system.cpu: T0 : 0x80000084 @__yx_marker_ab_region_start+52. 2 : vslideup_vi_micro v11, vtmp0, 1 : SimdMisc :  D=[00000000_00000000_00000000_00000000_ffffffff_ffffffff_ffffffff_ffffffff]
 264000: system.cpu: T0 : 0x80000088 @__yx_marker_ab_region_start+56    : vsetvli a0, zero, e32, mf2, ta, ma : SimdConfig :  D=0x0000000000000004
 272000: system.cpu: T0 : 0x8000008c @__yx_marker_ab_region_end    : addi a7, zero, 93          : IntAlu :  D=0x000000000000005d
 273000: system.cpu: T0 : 0x80000090 @__yx_marker_ab_region_end+4    : addi a0, zero, 0           : IntAlu :  D=0x0000000000000000
 273000: system.cpu: T0 : 0x80000094 @__yx_marker_ab_region_end+8    : ecall                      : No_OpClass : 
